{
  "Entries": [
    {
      "RequestUri": "/v3/conversations",
      "EncodedRequestUri": "L3YzL2NvbnZlcnNhdGlvbnM=",
      "RequestMethod": "POST",
      "RequestBody": "{\r\n  \"bot\": {\r\n    \"id\": \"BKGSYSTFG:TKGSUQHQE\"\r\n  },\r\n  \"members\": [\r\n    {\r\n      \"id\": \"UK8CH2281:TKGSUQHQE\"\r\n    }\r\n  ]\r\n}",
      "RequestHeaders": {
        "Content-Type": [
          "application/json; charset=utf-8"
        ],
        "Content-Length": [
          "125"
        ],
        "User-Agent": [
          "FxVersion/4.6.27617.04",
          "OSName/Windows",
          "OSVersion/Microsoft.Windows.10.0.18362.",
          "Microsoft.Bot.Connector.ConnectorClient/4.0.0.0"
        ]
      },
      "ResponseBody": "{\r\n  \"id\": \"BKGSYSTFG:TKGSUQHQE:DKE8NUG92\"\r\n}",
      "ResponseHeaders": {
        "Content-Length": [
          "45"
        ],
        "Content-Type": [
          "application/json; charset=utf-8"
        ],
        "Expires": [
          "-1"
        ],
        "Cache-Control": [
          "no-cache"
        ],
        "Pragma": [
          "no-cache"
        ],
        "Server": [
          "Microsoft-IIS/10.0"
        ],
        "x-ms-request-id": [
          "|be36faed6d2fb541b40271b7c4bad1eb.e7f43292_e7f43293_"
        ],
        "Strict-Transport-Security": [
          "max-age=31536000"
        ],
        "Date": [
          "Tue, 02 Jul 2019 19:11:40 GMT"
        ]
      },
      "StatusCode": 200
    },
    {
      "RequestUri": "/v3/conversations/BKGSYSTFG%3ATKGSUQHQE%3ADKE8NUG92/activities",
      "EncodedRequestUri": "L3YzL2NvbnZlcnNhdGlvbnMvQktHU1lTVEZHJTNBVEtHU1VRSFFFJTNBREtFOE5VRzkyL2FjdGl2aXRpZXM=",
      "RequestMethod": "POST",
      "RequestBody": "{\r\n  \"type\": \"message\",\r\n  \"from\": {\r\n    \"id\": \"BKGSYSTFG:TKGSUQHQE\"\r\n  },\r\n  \"recipient\": {\r\n    \"id\": \"UK8CH2281:TKGSUQHQE\"\r\n  },\r\n  \"text\": \"TEST Reply activity with invalid conversation id\"\r\n}",
      "RequestHeaders": {
        "Content-Type": [
          "application/json; charset=utf-8"
        ],
        "Content-Length": [
          "197"
        ],
        "User-Agent": [
          "FxVersion/4.6.27617.04",
          "OSName/Windows",
          "OSVersion/Microsoft.Windows.10.0.18362.",
          "Microsoft.Bot.Connector.ConnectorClient/4.0.0.0"
        ]
      },
      "ResponseBody": "{\r\n  \"id\": \"1562094700.003100\"\r\n}",
      "ResponseHeaders": {
        "Content-Length": [
          "33"
        ],
        "Content-Type": [
          "application/json; charset=utf-8"
        ],
        "Expires": [
          "-1"
        ],
        "Cache-Control": [
          "no-cache"
        ],
        "Pragma": [
          "no-cache"
        ],
        "Server": [
          "Microsoft-IIS/10.0"
        ],
        "x-ms-request-id": [
          "|506c23665f614145a9b920a62f724b55.f05be4b9_"
        ],
        "Strict-Transport-Security": [
          "max-age=31536000"
        ],
        "Date": [
          "Tue, 02 Jul 2019 19:11:40 GMT"
        ]
      },
      "StatusCode": 200
    },
    {
      "RequestUri": "/v3/conversations/BKGSYSTFG%3ATKGSUQHQE%3ADKE8NUG92M/activities/1562094700.003100",
      "EncodedRequestUri": "L3YzL2NvbnZlcnNhdGlvbnMvQktHU1lTVEZHJTNBVEtHU1VRSFFFJTNBREtFOE5VRzkyTS9hY3Rpdml0aWVzLzE1NjIwOTQ3MDAuMDAzMTAw",
      "RequestMethod": "POST",
      "RequestBody": "{\r\n  \"type\": \"message\",\r\n  \"from\": {\r\n    \"id\": \"BKGSYSTFG:TKGSUQHQE\"\r\n  },\r\n  \"recipient\": {\r\n    \"id\": \"UK8CH2281:TKGSUQHQE\"\r\n  },\r\n  \"text\": \"TEST Reply mustn't shown\"\r\n}",
      "RequestHeaders": {
        "Content-Type": [
          "application/json; charset=utf-8"
        ],
        "Content-Length": [
          "173"
        ],
        "User-Agent": [
          "FxVersion/4.6.27617.04",
          "OSName/Windows",
          "OSVersion/Microsoft.Windows.10.0.18362.",
          "Microsoft.Bot.Connector.ConnectorClient/4.0.0.0"
        ]
      },
      "ResponseBody": "{\r\n  \"error\": {\r\n    \"code\": \"BadArgument\",\r\n    \"message\": \"Slack API error\",\r\n    \"innerHttpError\": {\r\n      \"statusCode\": 200,\r\n      \"body\": {\r\n        \"ok\": false,\r\n        \"error\": \"channel_not_found\"\r\n      }\r\n    }\r\n  }\r\n}",
      "ResponseHeaders": {
        "Content-Length": [
          "230"
        ],
        "Content-Type": [
          "application/json; charset=utf-8"
        ],
        "Expires": [
          "-1"
        ],
        "Cache-Control": [
          "no-cache"
        ],
        "Pragma": [
          "no-cache"
        ],
        "Server": [
          "Microsoft-IIS/10.0"
        ],
        "x-ms-request-id": [
          "|99ac726f46451f4b90187e69e9a8260b.447a05fb_"
        ],
        "Strict-Transport-Security": [
          "max-age=31536000"
        ],
        "Date": [
          "Tue, 02 Jul 2019 19:11:40 GMT"
        ]
      },
      "StatusCode": 400
    }
  ],
  "Names": {},
  "Variables": {}
}