{
  "Entries": [
    {
      "RequestUri": "/v3/conversations",
      "EncodedRequestUri": "L3YzL2NvbnZlcnNhdGlvbnM=",
      "RequestMethod": "POST",
      "RequestBody": "{\r\n  \"bot\": {\r\n    \"id\": \"BKGSYSTFG:TKGSUQHQE\"\r\n  },\r\n  \"members\": [\r\n    {\r\n      \"id\": \"UK8CH2281:TKGSUQHQE\"\r\n    }\r\n  ]\r\n}",
      "RequestHeaders": {
        "Content-Type": [
          "application/json; charset=utf-8"
        ],
        "Content-Length": [
          "125"
        ],
        "User-Agent": [
          "FxVersion/4.6.27617.04",
          "OSName/Windows",
          "OSVersion/Microsoft.Windows.10.0.18362.",
          "Microsoft.Bot.Connector.ConnectorClient/4.0.0.0"
        ]
      },
      "ResponseBody": "{\r\n  \"id\": \"BKGSYSTFG:TKGSUQHQE:DKE8NUG92\"\r\n}",
      "ResponseHeaders": {
        "Content-Length": [
          "45"
        ],
        "Content-Type": [
          "application/json; charset=utf-8"
        ],
        "Expires": [
          "-1"
        ],
        "Cache-Control": [
          "no-cache"
        ],
        "Pragma": [
          "no-cache"
        ],
        "Server": [
          "Microsoft-IIS/10.0"
        ],
        "x-ms-request-id": [
          "|1027b5f14039e0479e7df8c1fa932553.f05be4be_"
        ],
        "Strict-Transport-Security": [
          "max-age=31536000"
        ],
        "Date": [
          "Tue, 02 Jul 2019 19:11:41 GMT"
        ]
      },
      "StatusCode": 200
    },
    {
      "RequestUri": "/v3/conversations/BKGSYSTFG%3ATKGSUQHQE%3ADKE8NUG92/activities",
      "EncodedRequestUri": "L3YzL2NvbnZlcnNhdGlvbnMvQktHU1lTVEZHJTNBVEtHU1VRSFFFJTNBREtFOE5VRzkyL2FjdGl2aXRpZXM=",
      "RequestMethod": "POST",
      "RequestBody": "{\r\n  \"type\": \"message\",\r\n  \"from\": {\r\n    \"id\": \"BKGSYSTFG:TKGSUQHQE\"\r\n  },\r\n  \"recipient\": {\r\n    \"id\": \"UK8CH2281:TKGSUQHQE\"\r\n  },\r\n  \"text\": \"TEST Activity to be updated with invalid conversation Id\"\r\n}",
      "RequestHeaders": {
        "Content-Type": [
          "application/json; charset=utf-8"
        ],
        "Content-Length": [
          "205"
        ],
        "User-Agent": [
          "FxVersion/4.6.27617.04",
          "OSName/Windows",
          "OSVersion/Microsoft.Windows.10.0.18362.",
          "Microsoft.Bot.Connector.ConnectorClient/4.0.0.0"
        ]
      },
      "ResponseBody": "{\r\n  \"id\": \"1562094701.003400\"\r\n}",
      "ResponseHeaders": {
        "Content-Length": [
          "33"
        ],
        "Content-Type": [
          "application/json; charset=utf-8"
        ],
        "Expires": [
          "-1"
        ],
        "Cache-Control": [
          "no-cache"
        ],
        "Pragma": [
          "no-cache"
        ],
        "Server": [
          "Microsoft-IIS/10.0"
        ],
        "x-ms-request-id": [
          "|214eebb6a46b774cb980815152de688a.447a05fe_"
        ],
        "Strict-Transport-Security": [
          "max-age=31536000"
        ],
        "Date": [
          "Tue, 02 Jul 2019 19:11:41 GMT"
        ]
      },
      "StatusCode": 200
    },
    {
      "RequestUri": "/v3/conversations/B21S8SG7K%3AT03CWQ0QB/activities/1562094701.003400",
      "EncodedRequestUri": "L3YzL2NvbnZlcnNhdGlvbnMvQjIxUzhTRzdLJTNBVDAzQ1dRMFFCL2FjdGl2aXRpZXMvMTU2MjA5NDcwMS4wMDM0MDA=",
      "RequestMethod": "PUT",
      "RequestBody": "{\r\n  \"type\": \"message\",\r\n  \"id\": \"1562094701.003400\",\r\n  \"from\": {\r\n    \"id\": \"BKGSYSTFG:TKGSUQHQE\"\r\n  },\r\n  \"recipient\": {\r\n    \"id\": \"UK8CH2281:TKGSUQHQE\"\r\n  },\r\n  \"text\": \"TEST Activity mustn't be updated\"\r\n}",
      "RequestHeaders": {
        "Content-Type": [
          "application/json; charset=utf-8"
        ],
        "Content-Length": [
          "211"
        ],
        "User-Agent": [
          "FxVersion/4.6.27617.04",
          "OSName/Windows",
          "OSVersion/Microsoft.Windows.10.0.18362.",
          "Microsoft.Bot.Connector.ConnectorClient/4.0.0.0"
        ]
      },
      "ResponseBody": "{\r\n  \"error\": {\r\n    \"code\": \"ServiceError\",\r\n    \"message\": \"Invalid ConversationId: B21S8SG7K:T03CWQ0QB\"\r\n  }\r\n}",
      "ResponseHeaders": {
        "Content-Length": [
          "114"
        ],
        "Content-Type": [
          "application/json; charset=utf-8"
        ],
        "Expires": [
          "-1"
        ],
        "Cache-Control": [
          "no-cache"
        ],
        "Pragma": [
          "no-cache"
        ],
        "Server": [
          "Microsoft-IIS/10.0"
        ],
        "x-ms-request-id": [
          "|802c0f692846204aaba9df537ae5ed96.3642c80c_"
        ],
        "Strict-Transport-Security": [
          "max-age=31536000"
        ],
        "Date": [
          "Tue, 02 Jul 2019 19:11:41 GMT"
        ]
      },
      "StatusCode": 400
    }
  ],
  "Names": {},
  "Variables": {}
}